[risis.in/index.html]
[backblue.gif]
[fade.gif]
[index.html]
[risis.in/feed/index.html]
[risis.in/comments/feed/index.html]
[risis.in/wp-includes/js/jquery/jquery.min3088.js]
[risis.in/wp-includes/js/jquery/jquery-migrate.min5589.js]
[risis.in/wp-json/index.html]
[risis.in/wp-json/wp/v2/pages/6.json]
[risis.in/wp-json/oembed/1.0/embedd186]
[risis.in/wp-content/uploads/fbrfg/apple-touch-icon.png]
[risis.in/wp-content/uploads/fbrfg/favicon-32x32.png]
[risis.in/wp-content/uploads/fbrfg/favicon-16x16.png]
[risis.in/wp-content/uploads/fbrfg/favicon.ico]
[i0.wp.com/risis.in/wp-content/uploads/2021/08/cropped-risis-foundation5a52.png]
[i0.wp.com/risis.in/wp-content/uploads/2018/07/justice1920x1280fbf8.jpg]
[risis.in/practice-areas/index.html]
[risis.in/about/index.html]
[risis.in/attorneys/index.html]
[i0.wp.com/risis.in/wp-content/uploads/2018/07/pexels-photo-overlayedfbf8.jpg]
[risis.in/gallery/index.html]
[risis.in/blog/index.html]
[i0.wp.com/risis.in/wp-content/uploads/2021/08/ILC-2018.1e854e.delayed]
[risis.in/acid-attack-victims/index.html]
[risis.in/fair-fees/index.html]
[risis.in/quality-representation/index.html]
[i0.wp.com/risis.in/wp-content/uploads/2021/08/ILC-2018b7e0.jpg]
[i0.wp.com/risis.in/wp-content/uploads/2021/08/20190d58.jpg]
[risis.in/domestic-violence/index.html]
[risis.in/farmer-land-issues/index.html]
[risis.in/matrimonial-issues/index.html]
[i0.wp.com/risis.in/wp-content/uploads/2021/08/2019b7e0.jpg]
[risis.in/police-atrocities/index.html]
[risis.in/pil-issues/index.html]
[risis.in/rti-issues/index.html]
[i0.wp.com/risis.in/wp-content/uploads/2021/08/Nirmit-20190d58.jpg]
[risis.in/illegal-detention/index.html]
[i0.wp.com/risis.in/wp-content/uploads/2021/08/Nirmit-2019b7e0.jpg]
[risis.in/hit-run/index.html]
[risis.in/intellectual-property/index.html]
[i0.wp.com/risis.in/wp-content/uploads/2021/08/cms-2021-e1628172652176d348.jpg]
[risis.in/corporate/index.html]
[i0.wp.com/risis.in/wp-content/uploads/2021/08/cms-2021-e1628172652176b26b.jpg]
[i0.wp.com/risis.in/wp-content/uploads/2021/08/Diwali-2020fe07.jpg]
[i0.wp.com/risis.in/wp-content/uploads/2021/08/Diwali-2020f67e.jpg]
[risis.in/weapons-law/index.html]
[i0.wp.com/risis.in/wp-content/uploads/2021/08/korea-2019fe07.jpg]
[i0.wp.com/risis.in/wp-content/uploads/2021/08/korea-2019f67e.jpg]
[i0.wp.com/risis.in/wp-content/uploads/2018/07/women91bc.png]
[risis.in/dispute-resolution/index.html]
[risis.in/bank-finance/index.html]
[risis.in/vibhanshu-srivastava/index.html]
[demo.acmethemes.com/lawyer-zone/wp-content/uploads/2018/07/pexels-photo-overlayed.jpg]
[risis.in/suyash-manjul/index.html]
[risis.in/william-stiller/index.html]
[risis.in/nirmit-srivastav/index.html]
[i0.wp.com/risis.in/wp-content/uploads/2018/07/pexels-photo-1000740b7e0.jpg]
[risis.in/are-there-any-other-requirements-for-participating-in-the-network/index.html]
[risis.in/what-services-do-we-provide/index.html]
[risis.in/what-types-of-lawyers-are-in-the-lawyer-zone-network/index.html]
[i0.wp.com/risis.in/wp-content/uploads/2018/07/pexels-photo-864987b7e0.jpg]
[risis.in/what-types-of-clients-use-lawyer-zone/index.html]
[risis.in/gene-garam/index.html]
[risis.in/madge-chavze/index.html]
[risis.in/seth-coleman/index.html]
[risis.in/category/corporate-case/index.html]
[risis.in/2018/07/16/what-does-weapons-law-mean-for-you/index.html]
[risis.in/wp-content/plugins/jetpack/_inc/build/photon/photon.min1c52.js]
[risis.in/2018/07/16/us-sues-california-over-immigration-laws/index.html]
[risis.in/category/gun-crimes/index.html]
[risis.in/category/criminal-case/index.html]
[risis.in/wp-content/plugins/gutentor/assets/library/slick/slick.minc245.js]
[risis.in/2018/07/16/hit-and-run-crash-suspect-should-seek-immediate-counsel/index.html]
[risis.in/wp-content/themes/lawyer-zone/acmethemes/core/js/skip-link-focus-fix08e0.js]
[risis.in/wp-content/themes/lawyer-zone/assets/library/bootstrap/js/bootstrap.mine485.js]
[risis.in/wp-content/plugins/gutentor/assets/library/wow/wow.min1576.js]
[risis.in/wp-content/plugins/gutentor/assets/library/magnific-popup/jquery.magnific-popup.minf488.js]
[risis.in/wp-includes/js/imagesloaded.mineda1.js]
[risis.in/wp-includes/js/masonry.min3a05.js]
[risis.in/wp-content/themes/lawyer-zone/assets/js/lawyer-zone-custom97de.js]
[risis.in/wp-content/plugins/gutentor/assets/js/gutentore1e3.js]
[risis.in/wp-content/plugins/wpforms-lite/assets/lib/jquery.validate.min7e9d.js]
[risis.in/wp-content/plugins/wpforms-lite/assets/lib/mailcheck.mincfa9.js]
[risis.in/wp-content/plugins/wpforms-lite/assets/lib/punycode.min8a54.js]
[risis.in/wp-content/plugins/wpforms-lite/assets/js/utils.min1a7b.js]
[risis.in/wp-content/plugins/wpforms-lite/assets/js/wpforms.min1a7b.js]
[risis.in/index.html]
[risis.in/wp-includes/css/dist/block-library/style.min9b30.css]
[stats.wp.com/e-202337.js]
[risis.in/wp-includes/js/mediaelement/mediaelementplayer-legacy.min1f61.css]
[risis.in/wp-includes/js/mediaelement/wp-mediaelement.min9b30.css]
[risis.in/wp-content/themes/lawyer-zone/assets/library/bootstrap/fonts/glyphicons-halflings-regular.42.delayed]
[risis.in/wp-content/themes/lawyer-zone/assets/library/bootstrap/fonts/glyphicons-halflings-regular.43d41d.delayed]
[risis.in/wp-content/themes/lawyer-zone/assets/library/bootstrap/fonts/glyphicons-halflings-regular.44.delayed]
[risis.in/wp-content/themes/lawyer-zone/assets/library/bootstrap/fonts/glyphicons-halflings-regular.45.delayed]
[risis.in/wp-content/themes/lawyer-zone/assets/library/bootstrap/fonts/glyphicons-halflings-regular.46.delayed]
[risis.in/wp-content/themes/lawyer-zone/assets/library/bootstrap/fonts/glyphicons-halflings-regular.47.delayed]
[risis.in/wp-content/themes/lawyer-zone/assets/library/bootstrap/css/bootstrap.mine485.css]
[risis.in/wp-content/themes/lawyer-zone/assets/library/Font-Awesome/fonts/fontawesome-webfont3e6e.eot]
[risis.in/wp-content/themes/lawyer-zone/assets/library/Font-Awesome/fonts/fontawesome-webfontd41d.eot]
[risis.in/wp-content/themes/lawyer-zone/assets/library/Font-Awesome/fonts/fontawesome-webfont3e6e.woff2]
[risis.in/wp-content/themes/lawyer-zone/assets/library/Font-Awesome/fonts/fontawesome-webfont3e6e.woff]
[risis.in/wp-content/themes/lawyer-zone/assets/library/Font-Awesome/fonts/fontawesome-webfont3e6e.ttf]
[risis.in/wp-content/themes/lawyer-zone/assets/library/Font-Awesome/css/font-awesome.min268f.css]
[risis.in/wp-content/plugins/gutentor/assets/library/slick/slick.minc245.css]
[risis.in/wp-content/plugins/gutentor/assets/library/magnific-popup/magnific-popup.minee8b.css]
[risis.in/wp-content/themes/lawyer-zone/style9b30.css]
[risis.in/wp-content/themes/lawyer-zone/acmethemes/gutenberg/gutenberg-front5152.css]
[risis.in/wp-includes/css/dist/components/style.min9b30.css]
[risis.in/wp-includes/css/dist/block-editor/style.min9b30.css]
[risis.in/wp-includes/css/dist/reusable-blocks/style.min9b30.css]
[risis.in/wp-includes/css/dist/editor/style.min9b30.css]
[risis.in/wp-content/plugins/gutentor/dist/blocks.style.builde1e3.css]
[risis.in/wp-content/plugins/jetpack/modules/shortcodes/img/slideshow-controls.png]
[risis.in/wp-content/plugins/jetpack/modules/shortcodes/img/slideshow-controls-2x.png]
[risis.in/wp-content/plugins/jetpack/modules/shortcodes/images/slide-nav.png]
[risis.in/wp-content/plugins/jetpack/modules/shortcodes/images/expand.png]
[risis.in/wp-content/plugins/jetpack/modules/shortcodes/images/collapse.png]
[secure.gravatar.com/images/grav-share-sprite.png]
[risis.in/wp-content/plugins/jetpack/css/jetpack6974.css]
[risis.in/wp-content/uploads/fbrfg/site.html]
[risis.in/wp-content/uploads/fbrfg/safari-pinned-tab.svg]
[risis.in/wp-json/oembed/1.0/embed9ac1]
[risis.in/wp-json/wp/v2/pages/51.json]
[risis.in/wp-json/oembed/1.0/embedad89.json]
[risis.in/wp-json/oembed/1.0/embedb7ef]
[i0.wp.com/demo.acmethemes.com/lawyer-zone/wp-content/uploads/2018/07/lawyer_theme_innerpage3db6.jpg]
[risis.in/about/index.html]
[risis.in/wp-json/wp/v2/pages/49.json]
[risis.in/wp-json/oembed/1.0/embedd04c.json]
[risis.in/wp-json/oembed/1.0/embede802]
[risis.in/practice-areas/index.html]
[risis.in/wp-json/wp/v2/pages/47.json]
[risis.in/wp-json/oembed/1.0/embede9f7.json]
[risis.in/wp-json/oembed/1.0/embedba6c]
[risis.in/attorneys/index.html]
[risis.in/wp-json/wp/v2/pages/45.json]
[risis.in/wp-json/oembed/1.0/embedb682.json]
[risis.in/wp-json/oembed/1.0/embed6e15]
[risis.in/gallery/index.html]
[risis.in/wp-content/themes/lawyer-zone/assets/img/lawyer-zone-inner-banner-1920-600.jpg]
[i0.wp.com/risis.in/wp-content/uploads/2018/07/pexels-photo-1000740fbf8.jpg]
[i0.wp.com/risis.in/wp-content/uploads/2018/07/pexels-photo-864987fbf8.jpg]
[risis.in/blog/index.html]
[risis.in/author/admin/index.html]
[risis.in/2018/07/index.html]
[risis.in/wp-json/oembed/1.0/embed9516.json]
[risis.in/wp-json/oembed/1.0/embedfc14]
[risis.in/fair-fees/index.html]
[risis.in/wp-json/wp/v2/pages/111.json]
[risis.in/free-consultation/index.html]
[risis.in/wp-json/oembed/1.0/embed2193.json]
[risis.in/wp-json/oembed/1.0/embede74d]
[risis.in/quality-representation/index.html]
[risis.in/wp-json/wp/v2/pages/105.json]
[risis.in/wp-json/oembed/1.0/embedefc9.json]
[risis.in/wp-json/oembed/1.0/embedd7c0]
[risis.in/acid-attack-victims/index.html]
[risis.in/wp-json/wp/v2/pages/109.json]
[risis.in/wp-json/oembed/1.0/embedf0fa.json]
[risis.in/wp-json/oembed/1.0/embed9e23]
[risis.in/domestic-violence/index.html]
[risis.in/wp-json/wp/v2/pages/103.json]
[risis.in/wp-json/oembed/1.0/embedddf0.json]
[risis.in/wp-json/oembed/1.0/embedd680]
[risis.in/farmer-land-issues/index.html]
[risis.in/wp-json/wp/v2/pages/97.json]
[risis.in/wp-json/oembed/1.0/embed7b21.json]
[risis.in/wp-json/oembed/1.0/embed5602]
[risis.in/matrimonial-issues/index.html]
[risis.in/wp-json/wp/v2/pages/95.json]
[risis.in/wp-json/oembed/1.0/embed4831.json]
[risis.in/wp-json/oembed/1.0/embed4894]
[risis.in/police-atrocities/index.html]
[risis.in/wp-json/wp/v2/pages/99.json]
[risis.in/wp-json/oembed/1.0/embed2438.json]
[risis.in/wp-json/oembed/1.0/embedaa88]
[risis.in/pil-issues/index.html]
[risis.in/wp-json/wp/v2/pages/107.json]
[risis.in/wp-json/oembed/1.0/embed8f0a.json]
[risis.in/wp-json/oembed/1.0/embedbcf7]
[risis.in/rti-issues/index.html]
[risis.in/wp-json/wp/v2/pages/101.json]
[risis.in/wp-json/oembed/1.0/embedb988.json]
[risis.in/wp-json/oembed/1.0/embed8959]
[risis.in/illegal-detention/index.html]
[risis.in/wp-json/wp/v2/pages/57.json]
[risis.in/wp-json/oembed/1.0/embedcb9e.json]
[risis.in/wp-json/oembed/1.0/embed30a2]
[risis.in/hit-run/index.html]
[risis.in/wp-json/wp/v2/pages/63.json]
[risis.in/wp-json/oembed/1.0/embedffa0.json]
[risis.in/wp-json/oembed/1.0/embeda681]
[risis.in/intellectual-property/index.html]
[risis.in/wp-json/wp/v2/pages/59.json]
[risis.in/wp-json/oembed/1.0/embed8ba8.json]
[risis.in/wp-json/oembed/1.0/embedc334]
[risis.in/corporate/index.html]
[risis.in/wp-json/wp/v2/pages/61.json]
[risis.in/wp-json/oembed/1.0/embed8ddc.json]
[risis.in/wp-json/oembed/1.0/embedbb0a]
[risis.in/weapons-law/index.html]
[risis.in/wp-json/wp/v2/pages/53.json]
[risis.in/wp-json/oembed/1.0/embed8dab.json]
[risis.in/wp-json/oembed/1.0/embedb803]
[risis.in/dispute-resolution/index.html]
[risis.in/wp-json/wp/v2/pages/55.json]
[risis.in/wp-json/oembed/1.0/embedc2d0.json]
[risis.in/wp-json/oembed/1.0/embed3160]
[risis.in/bank-finance/index.html]
[risis.in/wp-json/wp/v2/pages/93.json]
[risis.in/wp-json/oembed/1.0/embed009f.json]
[risis.in/wp-json/oembed/1.0/embedcc96]
[risis.in/vibhanshu-srivastava/index.html]
[risis.in/wp-json/wp/v2/pages/91.json]
[risis.in/wp-json/oembed/1.0/embed5c09.json]
[risis.in/wp-json/oembed/1.0/embed8656]
[risis.in/nirmit-srivastav/index.html]
[risis.in/wp-json/wp/v2/pages/89.json]
[risis.in/wp-json/oembed/1.0/embed5479.json]
[risis.in/wp-json/oembed/1.0/embed6f88]
[risis.in/suyash-manjul/index.html]
[risis.in/wp-json/wp/v2/pages/87.json]
[risis.in/wp-json/oembed/1.0/embedd6a1.json]
[risis.in/wp-json/oembed/1.0/embed423e]
[risis.in/william-stiller/index.html]
[risis.in/wp-json/wp/v2/pages/75.json]
[risis.in/wp-json/oembed/1.0/embedd2be.json]
[risis.in/wp-json/oembed/1.0/embedb6a8]
[risis.in/are-there-any-other-requirements-for-participating-in-the-network/index.html]
[risis.in/wp-json/wp/v2/pages/79.json]
[risis.in/wp-json/oembed/1.0/embeda081.json]
[risis.in/wp-json/oembed/1.0/embeda87b]
[risis.in/what-services-do-we-provide/index.html]
[risis.in/wp-json/wp/v2/pages/77.json]
[risis.in/wp-json/oembed/1.0/embed4284.json]
[risis.in/wp-json/oembed/1.0/embed02e6]
[risis.in/what-types-of-lawyers-are-in-the-lawyer-zone-network/index.html]
[risis.in/wp-json/wp/v2/pages/73.json]
[risis.in/wp-json/oembed/1.0/embedf6be.json]
[risis.in/wp-json/oembed/1.0/embedebce]
[risis.in/what-types-of-clients-use-lawyer-zone/index.html]
[risis.in/wp-json/wp/v2/pages/65.json]
[risis.in/wp-json/oembed/1.0/embedf2cf.json]
[risis.in/wp-json/oembed/1.0/embedccce]
[risis.in/gene-garam/index.html]
[risis.in/wp-json/wp/v2/pages/67.json]
[risis.in/wp-json/oembed/1.0/embed62e2.json]
[risis.in/wp-json/oembed/1.0/embed5dab]
[risis.in/madge-chavze/index.html]
[risis.in/wp-json/wp/v2/pages/69.json]
[risis.in/wp-json/oembed/1.0/embedda79.json]
[risis.in/wp-json/oembed/1.0/embedee63]
[risis.in/seth-coleman/index.html]
[risis.in/2018/07/16/us-sues-california-over-immigration-laws/feed/index.html]
[risis.in/wp-json/wp/v2/posts/29.json]
[risis.in/wp-json/oembed/1.0/embedb9a4.json]
[risis.in/wp-json/oembed/1.0/embedb27e]
[risis.in/2018/07/16/us-sues-california-over-immigration-laws/index.html]
[risis.in/2018/index.html]
[risis.in/2018/07/16/index.html]
[risis.in/wp-json/wp/v2/categories/2.json]
[risis.in/category/corporate-case/index.html]
[risis.in/category/corporate-case/feed/index.html]
[risis.in/wp-json/wp/v2/posts/31.json]
[risis.in/2018/07/16/what-does-weapons-law-mean-for-you/feed/index.html]
[risis.in/wp-json/oembed/1.0/embed3780.json]
[risis.in/wp-json/oembed/1.0/embedfcb1]
[risis.in/2018/07/16/what-does-weapons-law-mean-for-you/index.html]
[risis.in/wp-json/wp/v2/categories/3.json]
[risis.in/category/gun-crimes/index.html]
[risis.in/category/gun-crimes/feed/index.html]
[risis.in/wp-json/wp/v2/categories/4.json]
[risis.in/category/criminal-case/index.html]
[risis.in/category/criminal-case/feed/index.html]
[risis.in/wp-json/wp/v2/posts/33.json]
[risis.in/wp-json/oembed/1.0/embed3c40.json]
[risis.in/wp-json/oembed/1.0/embed919c]
[risis.in/2018/07/16/hit-and-run-crash-suspect-should-seek-immediate-counsel/index.html]
[risis.in/wp-content/plugins/wpforms-lite/assets/images/submit-spin.svg]
[risis.in/wp-content/plugins/wpforms-lite/assets/css/wpforms-full.min1a7b.css]
[risis.in/wp-includes/js/mediaelement/mejs-controls.svg]
[risis.in/wp-content/themes/lawyer-zone/assets/library/bootstrap/fonts/glyphicons-halflings-regular.html]
[risis.in/wp-content/themes/lawyer-zone/assets/library/bootstrap/fonts/glyphicons-halflings-regulard41d.html]
[risis.in/wp-content/themes/lawyer-zone/assets/library/bootstrap/fonts/glyphicons-halflings-regular-2.html]
[risis.in/wp-content/themes/lawyer-zone/assets/library/bootstrap/fonts/glyphicons-halflings-regular-3.html]
[risis.in/wp-content/themes/lawyer-zone/assets/library/bootstrap/fonts/glyphicons-halflings-regular-4.html]
[risis.in/wp-content/themes/lawyer-zone/assets/library/bootstrap/fonts/glyphicons-halflings-regular-5.html]
[risis.in/wp-content/themes/lawyer-zone/assets/library/Font-Awesome/fonts/fontawesome-webfont3e6e.svg]
[risis.in/wp-content/plugins/siteorigin-panels/css/front-flex.min0392.css]
[risis.in/index8cf7.html]
[risis.in/index0012.html]
[risis.in/indexcb30.html]
[risis.in/index5e74.html]
[risis.in/2018/07/16/hit-and-run-crash-suspect-should-seek-immediate-counsel/feed/index.html]
[risis.in/wp-json/wp/v2/users/1.json]
[risis.in/author/admin/index.html]
[risis.in/2018/07/index.html]
[risis.in/index3961.html]
[risis.in/author/admin/feed/index.html]
[risis.in/wp-json/wp/v2/pages/113]
[risis.in/wp-json/wp/v2/pages/115.json]
[risis.in/wp-json/oembed/1.0/embedcbec]
[risis.in/free-consultation/index.html]
[risis.in/indexbbbb.html]
[risis.in/indexea0f.html]
[risis.in/indexe887.html]
[risis.in/indexe6f0.html]
[risis.in/indexb190.html]
[risis.in/index5eda.html]
[risis.in/index5401.html]
[risis.in/index5a24.html]
[risis.in/index198a.html]
[risis.in/index9787.html]
[risis.in/index2cce.html]
[risis.in/index1098.html]
[risis.in/index094d.html]
[risis.in/index5fb3.html]
[risis.in/index8054.html]
[risis.in/index36d4.html]
[risis.in/index5cfa.html]
[risis.in/index3fbb.html]
[risis.in/index5d38.html]
[risis.in/indexe839.html]
[risis.in/index6ffe.html]
[risis.in/indexb135.html]
[risis.in/index8cae.html]
[risis.in/index7665.html]
[risis.in/index96f1.html]
[risis.in/indexe2dc.html]
[risis.in/index9cd7.html]
[risis.in/2018/index.html]
[risis.in/2018/07/16/index.html]
[risis.in/indexc7e3.html]
[risis.in/indexdd23.html]
[risis.in/wp-content/plugins/wpforms-lite/assets/images/times-solid-white.svg]
[risis.in/xmlrpc0db0.html]
[risis.in/contact/index.html]
[risis.in/index0a10.html]
[risis.in/wp-includes/js/comment-reply.min9b30.js]
[risis.in/wp-login.html]
[risis.in/wp-json/oembed/1.0/embed6dc9]
[risis.in/xmlrpc.html]
